// Jest Snapshot v1, https://goo.gl/fbAQLP

exports[`displays shelf 1`] = `
<li>
  <div
    className="mx-2"
  >
    <button
      className="flex items-center py-2 w-full font-normal text-stone-900 rounded-lg dark:text-white hover:bg-stone-100 pl-3 dark:hover:bg-stone-700"
      onClick={[Function]}
    />
  </div>
</li>
`;
