// Jest Snapshot v1, https://goo.gl/fbAQLP

exports[`does not change 1`] = `
<div
  className="sticky top-3 flex-auto w-1/6 rounded-lg bg-stone-800 h-fit mt-2 z-1 ml-2 py-2"
>
  <a
    className="flex items-center pl-2.5 mb-2"
    href="/img/echidna.jpg"
  >
    <span
      className="self-center text-xl ml-2 font-semibold whitespace-nowrap dark:text-white"
    >
      Shelves
    </span>
  </a>
  <ul
    className="space-y-2 border-t-2 border-stone-500 pt-2"
  >
    <li>
      <div
        className="mx-2"
      >
        <button
          className="flex items-center py-2 w-full font-normal text-stone-900 rounded-lg dark:text-white hover:bg-stone-100 pl-3 dark:hover:bg-stone-700"
          onClick={[Function]}
        >
          All Books
        </button>
      </div>
    </li>
    <li>
      <div
        className="mx-2"
      >
        <button
          className="flex items-center py-2 w-full font-normal text-stone-900 rounded-lg dark:text-white hover:bg-stone-100 pl-3 dark:hover:bg-stone-700"
          onClick={[Function]}
        >
          Fiction
        </button>
      </div>
    </li>
    <li>
      <div
        className="mx-2"
      >
        <button
          className="flex items-center py-2 w-full font-normal text-stone-900 rounded-lg dark:text-white hover:bg-stone-100 pl-3 dark:hover:bg-stone-700"
          onClick={[Function]}
        >
          Non-Fiction
        </button>
      </div>
    </li>
    <li>
      <div
        className="mx-2"
      >
        <button
          className="flex items-center py-2 w-full font-normal text-stone-900 rounded-lg dark:text-white hover:bg-stone-100 pl-3 dark:hover:bg-stone-700"
          onClick={[Function]}
        >
          To-Read
        </button>
      </div>
    </li>
    <li>
      <div
        className="mx-2"
      >
        <button
          className="place-items-center py-2 w-full pl-3 text-base font-normal text-stone-900 bg-emerald-700 rounded-lg dark:text-white hover:bg-emerald-500"
        >
          <div
            className="flex justify-center w-full"
          >
            <div
              className="w-6"
            >
              <svg
                className="w-6 h-6"
                fill="currentColor"
                xmlns="http://www.w3.org/2000/svg"
              >
                <path
                  clipRule="evenodd"
                  d="M12 2.25c-5.385 0-9.75 4.365-9.75 9.75s4.365 9.75 9.75 9.75 9.75-4.365 9.75-9.75S17.385 2.25 12 2.25zM12.75 9a.75.75 0 00-1.5 0v2.25H9a.75.75 0 000 1.5h2.25V15a.75.75 0 001.5 0v-2.25H15a.75.75 0 000-1.5h-2.25V9z"
                  fillRule="evenodd"
                />
              </svg>
            </div>
          </div>
        </button>
      </div>
    </li>
  </ul>
</div>
`;
